2026-06-01 00:08:05.495 [tid=]  INFO --- [http-nio-8082-exec-2] o.a.c.c.C.[.[localhost].[/process] : Initializing Spring DispatcherServlet 'dispatcherServlet'
2026-06-01 00:08:05.499 [tid=]  INFO --- [http-nio-8082-exec-2] o.s.web.servlet.DispatcherServlet : Initializing Servlet 'dispatcherServlet'
2026-06-01 00:08:05.501 [tid=]  INFO --- [http-nio-8082-exec-2] o.s.web.servlet.DispatcherServlet : Completed initialization in 2 ms
2026-06-01 00:08:05.530 [tid=a5ebba0f9992] DEBUG --- [http-nio-8082-exec-2] i.g.j.o.f.common.SysCommonController : checkLogin session is null
2026-06-01 00:08:08.080 [tid=47b13bfbe725] DEBUG --- [http-nio-8082-exec-4] i.g.j.o.f.c.s.SysUserDetailsService : loadUserByUsername admin
2026-06-01 00:08:08.106 [tid=47b13bfbe725] DEBUG --- [http-nio-8082-exec-4] i.g.j.o.m.system.service.SysUserService : 获取用户权限:管理员
2026-06-01 00:08:08.111 [tid=47b13bfbe725]  INFO --- [http-nio-8082-exec-4] i.g.j.o.m.system.service.SysUserService : 角色权限 ROLE_admin
2026-06-01 00:08:08.112 [tid=47b13bfbe725]  INFO --- [http-nio-8082-exec-4] i.g.j.o.m.system.service.SysUserService : 超级管理员，具备所有角色功能权限
2026-06-01 00:08:08.140 [tid=47b13bfbe725] DEBUG --- [http-nio-8082-exec-4] i.g.j.o.f.c.s.SysUserDetailsService : 登录用户 管理员 无部门领导
2026-06-01 00:08:08.233 [tid=dba254c265f5] DEBUG --- [http-nio-8082-exec-6] i.g.j.openadmin.framework.auth.LoginTool : 获取当前用户 admin
2026-06-01 00:08:08.240 [tid=dba254c265f5] DEBUG --- [http-nio-8082-exec-6] i.g.j.openadmin.framework.auth.LoginTool : 获取当前用户 admin
2026-06-01 00:08:08.241 [tid=dba254c265f5] DEBUG --- [http-nio-8082-exec-6] i.g.j.openadmin.framework.auth.LoginTool : 获取当前用户 admin
2026-06-01 00:08:08.296 [tid=3b837b6a4151] DEBUG --- [http-nio-8082-exec-8] i.g.j.openadmin.framework.auth.LoginTool : 获取当前用户 admin
2026-06-01 00:08:08.346 [tid=6bde11546a7d] DEBUG --- [http-nio-8082-exec-10] i.g.j.openadmin.framework.auth.LoginTool : 获取当前用户 admin
2026-06-01 00:08:08.348 [tid=f0b4542c6b1a] DEBUG --- [http-nio-8082-exec-9] i.g.j.openadmin.framework.auth.LoginTool : 获取当前用户 admin
2026-06-01 00:08:14.083 [tid=6c8c2ef41971] DEBUG --- [http-nio-8082-exec-2] i.g.j.openadmin.framework.auth.LoginTool : 获取当前用户 admin
2026-06-01 00:08:14.101 [tid=b154bd2100f4]  WARN --- [http-nio-8082-exec-1] org.hibernate.orm.query : HHH90003004: firstResult/maxResults specified with collection fetch; applying in memory
2026-06-01 00:13:01.089 [tid=]  INFO --- [main] i.g.j.openadmin.ProcessBootApplication : Starting ProcessBootApplication using Java 21.0.11 with PID 1856 (D:\ws\open-admin-flowable\open-admin-flowable-app\target\classes started by 41051 in D:\ws\open-admin-flowable\open-admin-flowable-app)
2026-06-01 00:13:01.094 [tid=] DEBUG --- [main] i.g.j.openadmin.ProcessBootApplication : Running with Spring Boot v4.0.6, Spring v7.0.7
2026-06-01 00:13:01.094 [tid=]  INFO --- [main] i.g.j.openadmin.ProcessBootApplication : No active profile set, falling back to 1 default profile: "default"
2026-06-01 00:13:01.539 [tid=]  INFO --- [main] o.s.d.r.c.RepositoryConfigurationDelegate : Bootstrapping Spring Data JPA repositories in DEFAULT mode.
2026-06-01 00:13:01.588 [tid=]  INFO --- [main] o.s.d.r.c.RepositoryConfigurationDelegate : Finished Spring Data repository scanning in 42 ms. Found 10 JPA repository interfaces.
2026-06-01 00:13:02.119 [tid=]  INFO --- [main] o.s.boot.tomcat.TomcatWebServer : Tomcat initialized with port 8082 (http)
2026-06-01 00:13:02.126 [tid=]  INFO --- [main] o.apache.catalina.core.StandardService : Starting service [Tomcat]
2026-06-01 00:13:02.126 [tid=]  INFO --- [main] org.apache.catalina.core.StandardEngine : Starting Servlet engine: [Apache Tomcat/11.0.21]
2026-06-01 00:13:02.161 [tid=]  INFO --- [main] o.s.b.w.c.s.WebApplicationContextInitializer : Root WebApplicationContext: initialization completed in 1051 ms
2026-06-01 00:13:02.288 [tid=]  INFO --- [main] com.zaxxer.hikari.HikariDataSource : HikariPool-1 - Starting...
2026-06-01 00:13:02.374 [tid=]  INFO --- [main] com.zaxxer.hikari.pool.HikariPool : HikariPool-1 - Added connection com.mysql.cj.jdbc.ConnectionImpl@248b2b61
2026-06-01 00:13:02.374 [tid=]  INFO --- [main] com.zaxxer.hikari.HikariDataSource : HikariPool-1 - Start completed.
2026-06-01 00:13:02.388 [tid=]  INFO --- [main] org.hibernate.orm.jpa : HHH008540: Processing PersistenceUnitInfo [name: default]
2026-06-01 00:13:02.419 [tid=]  INFO --- [main] org.hibernate.orm.core : HHH000001: Hibernate ORM core version 7.2.12.Final
2026-06-01 00:13:02.664 [tid=]  INFO --- [main] o.s.o.j.p.SpringPersistenceUnitInfo : No LoadTimeWeaver setup: ignoring JPA class transformer
2026-06-01 00:13:02.739 [tid=]  INFO --- [main] org.hibernate.orm.connections.pooling : HHH10001005: Database info:
	Database JDBC URL [jdbc:mysql://127.0.0.1:3306/open-admin-process?allowPublicKeyRetrieval=true&autoReconnect=true&useUnicode=true&characterEncoding=utf8&zeroDateTimeBehavior=CONVERT_TO_NULL&useSSL=false&nullCatalogMeansCurrent=true]
	Database driver: MySQL Connector/J
	Database dialect: MySQLDialect
	Database version: 8.4.9
	Default catalog/schema: open-admin-process/undefined
	Autocommit mode: undefined/unknown
	Isolation level: REPEATABLE_READ [default REPEATABLE_READ]
	JDBC fetch size: none
	Pool: DataSourceConnectionProvider
	Minimum pool size: undefined/unknown
	Maximum pool size: undefined/unknown
2026-06-01 00:13:02.990 [tid=] DEBUG --- [main] i.g.j.o.f.d.HibernateEntityCommentIntegrator : 设置数据库表的注释 sys_user.account：账号
2026-06-01 00:13:02.994 [tid=] DEBUG --- [main] i.g.j.o.f.d.HibernateEntityCommentIntegrator : 设置数据库表的注释 sys_user.deptId：所属部门
2026-06-01 00:13:02.994 [tid=] DEBUG --- [main] i.g.j.o.f.d.HibernateEntityCommentIntegrator : 设置数据库表的注释 sys_user.email：邮箱
2026-06-01 00:13:02.994 [tid=] DEBUG --- [main] i.g.j.o.f.d.HibernateEntityCommentIntegrator : 设置数据库表的注释 sys_user.name：姓名
2026-06-01 00:13:02.994 [tid=] DEBUG --- [main] i.g.j.o.f.d.HibernateEntityCommentIntegrator : 设置数据库表的注释 sys_user.password：密码
2026-06-01 00:13:02.994 [tid=] DEBUG --- [main] i.g.j.o.f.d.HibernateEntityCommentIntegrator : 设置数据库表的注释 sys_user.phone：电话
2026-06-01 00:13:02.994 [tid=] DEBUG --- [main] i.g.j.o.f.d.HibernateEntityCommentIntegrator : 设置数据库表的注释 sys_user.unitId：所属机构
2026-06-01 00:13:02.994 [tid=] DEBUG --- [main] i.g.j.o.f.d.HibernateEntityCommentIntegrator : 设置数据库表的注释 sys_role.builtin：是否内置
2026-06-01 00:13:02.994 [tid=] DEBUG --- [main] i.g.j.o.f.d.HibernateEntityCommentIntegrator : 设置数据库表的注释 sys_role.code：编码
2026-06-01 00:13:02.994 [tid=] DEBUG --- [main] i.g.j.o.f.d.HibernateEntityCommentIntegrator : 设置数据库表的注释 sys_role.enabled：启用
2026-06-01 00:13:02.994 [tid=] DEBUG --- [main] i.g.j.o.f.d.HibernateEntityCommentIntegrator : 设置数据库表的注释 sys_role.menus：菜单
2026-06-01 00:13:02.994 [tid=] DEBUG --- [main] i.g.j.o.f.d.HibernateEntityCommentIntegrator : 设置数据库表的注释 sys_role.name：名称
2026-06-01 00:13:02.994 [tid=] DEBUG --- [main] i.g.j.o.f.d.HibernateEntityCommentIntegrator : 设置数据库表的注释 sys_role.perms：权限码
2026-06-01 00:13:02.994 [tid=] DEBUG --- [main] i.g.j.o.f.d.HibernateEntityCommentIntegrator : 设置数据库表的注释 sys_role.remark：备注
2026-06-01 00:13:02.994 [tid=] DEBUG --- [main] i.g.j.o.f.d.HibernateEntityCommentIntegrator : 设置数据库表的注释 sys_role.seq：排序
2026-06-01 00:13:02.994 [tid=] DEBUG --- [main] i.g.j.o.f.d.HibernateEntityCommentIntegrator : 设置数据库表的注释 sys_dict_item.code：键
2026-06-01 00:13:02.994 [tid=] DEBUG --- [main] i.g.j.o.f.d.HibernateEntityCommentIntegrator : 设置数据库表的注释 sys_dict_item.color：颜色
2026-06-01 00:13:02.994 [tid=] DEBUG --- [main] i.g.j.o.f.d.HibernateEntityCommentIntegrator : 设置数据库表的注释 sys_dict_item.label：文本
2026-06-01 00:13:02.994 [tid=] DEBUG --- [main] i.g.j.o.f.d.HibernateEntityCommentIntegrator : 设置数据库表的注释 sys_dict_item.seq：序号
2026-06-01 00:13:02.994 [tid=] DEBUG --- [main] i.g.j.o.f.d.HibernateEntityCommentIntegrator : 设置数据库表的注释 sys_dict_item.typeLabel：字典类型标签
2026-06-01 00:13:02.994 [tid=] DEBUG --- [main] i.g.j.o.f.d.HibernateEntityCommentIntegrator : 设置数据库表的注释 sys_manual.fileId：文件
2026-06-01 00:13:02.994 [tid=] DEBUG --- [main] i.g.j.o.f.d.HibernateEntityCommentIntegrator : 设置数据库表的注释 sys_manual.name：名称
2026-06-01 00:13:02.994 [tid=] DEBUG --- [main] i.g.j.o.f.d.HibernateEntityCommentIntegrator : 设置数据库表的注释 sys_manual.version：版本
2026-06-01 00:13:03.419 [tid=]  INFO --- [main] org.hibernate.orm.core : HHH000489: No JTA platform available (set 'hibernate.transaction.jta.platform' to enable JTA platform integration)
2026-06-01 00:13:03.539 [tid=]  INFO --- [main] o.s.o.j.LocalContainerEntityManagerFactoryBean : Initialized JPA EntityManagerFactory for persistence unit 'default'
2026-06-01 00:13:03.599 [tid=]  INFO --- [main] o.s.d.j.r.query.QueryEnhancerFactories : Hibernate is in classpath; If applicable, HQL parser will be used.
2026-06-01 00:13:04.179 [tid=] DEBUG --- [main] i.g.j.o.f.c.s.PermissionRefreshFilter : Filter 'permissionRefreshFilter' configured for use
2026-06-01 00:13:04.179 [tid=] DEBUG --- [main] i.g.j.o.f.c.CachingJsonRequestBodyFilter : Filter 'cachingRequestBodyFilterRegistrationBean' configured for use
2026-06-01 00:13:04.179 [tid=] DEBUG --- [main] i.g.j.o.framework.config.MdcFilter : Filter 'mdcFilter' configured for use
2026-06-01 00:13:04.209 [tid=]  INFO --- [main] i.g.j.o.m.f.service.ProcessMetaService : ===== 加载流程元数据缓存 =====
2026-06-01 00:13:04.209 [tid=]  INFO --- [main] i.g.j.o.m.f.d.impl.ProcessMetaDaoYmlImpl : ===== 加载流程定义: flowable-process-definition-example.yml =====
2026-06-01 00:13:04.209 [tid=]  INFO --- [main] i.g.j.o.m.f.d.impl.ProcessMetaDaoYmlImpl : ===== 共加载 1 个流程定义 =====
2026-06-01 00:13:04.209 [tid=]  INFO --- [main] i.g.j.o.m.f.service.ProcessMetaService : ===== 共加载 1 个流程定义 =====
2026-06-01 00:13:04.254 [tid=]  INFO --- [main] o.f.s.b.e.EventRegistryAutoConfiguration : No deployment resources were found for autodeployment
2026-06-01 00:13:04.428 [tid=]  INFO --- [main] o.f.s.b.ProcessEngineAutoConfiguration : No deployment resources were found for autodeployment
2026-06-01 00:13:04.444 [tid=]  INFO --- [main] o.f.c.e.i.async.DefaultAsyncTaskExecutor : Creating thread pool queue of size 100
2026-06-01 00:13:04.444 [tid=]  INFO --- [main] o.f.c.e.i.async.DefaultAsyncTaskExecutor : Creating thread factory with naming pattern flowable-async-task-invoker-%d
2026-06-01 00:13:04.449 [tid=]  INFO --- [main] o.f.c.e.i.async.DefaultAsyncTaskExecutor : Creating executor service with corePoolSize 8, maxPoolSize 8 and keepAliveTime 5000
2026-06-01 00:13:04.589 [tid=]  INFO --- [main] o.f.s.SpringProcessEngineConfiguration : Found 2 Engine Configurators in total:
2026-06-01 00:13:04.589 [tid=]  INFO --- [main] o.f.s.SpringProcessEngineConfiguration : class org.flowable.eventregistry.spring.configurator.SpringEventRegistryConfigurator (priority:100000)
2026-06-01 00:13:04.589 [tid=]  INFO --- [main] o.f.s.SpringProcessEngineConfiguration : class org.flowable.idm.engine.configurator.IdmEngineConfigurator (priority:150000)
2026-06-01 00:13:04.589 [tid=]  INFO --- [main] o.f.s.SpringProcessEngineConfiguration : Executing beforeInit() of class org.flowable.eventregistry.spring.configurator.SpringEventRegistryConfigurator (priority:100000)
2026-06-01 00:13:04.609 [tid=]  INFO --- [main] o.f.s.SpringProcessEngineConfiguration : Executing beforeInit() of class org.flowable.idm.engine.configurator.IdmEngineConfigurator (priority:150000)
2026-06-01 00:13:05.213 [tid=]  INFO --- [main] o.f.s.SpringProcessEngineConfiguration : Executing configure() of class org.flowable.eventregistry.spring.configurator.SpringEventRegistryConfigurator (priority:100000)
2026-06-01 00:13:05.220 [tid=]  INFO --- [main] o.f.e.impl.EventRegistryEngineImpl : EventRegistryEngine default created
2026-06-01 00:13:05.220 [tid=]  INFO --- [main] o.f.s.SpringProcessEngineConfiguration : Executing configure() of class org.flowable.idm.engine.configurator.IdmEngineConfigurator (priority:150000)
2026-06-01 00:13:05.229 [tid=]  INFO --- [main] o.flowable.idm.engine.impl.IdmEngineImpl : IdmEngine default created
2026-06-01 00:13:05.259 [tid=]  INFO --- [main] o.flowable.engine.impl.ProcessEngineImpl : ProcessEngine default created
2026-06-01 00:13:05.279 [tid=]  INFO --- [main] o.f.e.impl.cmd.ValidateV5EntitiesCmd : Total of v5 deployments found: 0
2026-06-01 00:13:05.571 [tid=]  INFO --- [main] o.s.s.q.SchedulerFactoryBean$LocalSchedulerFactory : Using default implementation for ThreadExecutor
2026-06-01 00:13:05.584 [tid=]  INFO --- [main] org.quartz.core.SchedulerSignalerImpl : Initialized Scheduler Signaller of type: class org.quartz.core.SchedulerSignalerImpl
2026-06-01 00:13:05.584 [tid=]  INFO --- [main] org.quartz.core.QuartzScheduler : Quartz Scheduler v2.5.2 created.
2026-06-01 00:13:05.584 [tid=]  INFO --- [main] org.quartz.simpl.RAMJobStore : RAMJobStore initialized.
2026-06-01 00:13:05.584 [tid=]  INFO --- [main] org.quartz.core.QuartzScheduler : Scheduler meta-data: Quartz Scheduler (v2.5.2) 'quartzScheduler' with instanceId 'NON_CLUSTERED'
  Scheduler class: 'org.quartz.core.QuartzScheduler' - running locally.
  NOT STARTED.
  Currently in standby mode.
  Number of jobs executed: 0
  Using thread pool 'org.quartz.simpl.SimpleThreadPool' - with 10 threads.
  Using job-store 'org.quartz.simpl.RAMJobStore' - which does not support persistence. and is not clustered.

2026-06-01 00:13:05.584 [tid=]  INFO --- [main] o.s.s.q.SchedulerFactoryBean$LocalSchedulerFactory : Quartz scheduler 'quartzScheduler' initialized from an externally provided properties instance.
2026-06-01 00:13:05.584 [tid=]  INFO --- [main] o.s.s.q.SchedulerFactoryBean$LocalSchedulerFactory : Quartz scheduler version: 2.5.2
2026-06-01 00:13:05.584 [tid=]  INFO --- [main] org.quartz.core.QuartzScheduler : JobFactory set to: org.springframework.scheduling.quartz.SpringBeanJobFactory@d85a651
2026-06-01 00:13:05.634 [tid=]  INFO --- [main] i.g.j.o.framework.config.FileConfig : 本地文件模式
2026-06-01 00:13:05.636 [tid=]  INFO --- [main] i.g.j.o.m.system.file.LocalFileOperator : 本地文件保存地址为: /home/files
2026-06-01 00:13:05.763 [tid=]  WARN --- [main] o.s.b.j.a.JpaBaseConfiguration$JpaWebConfiguration : spring.jpa.open-in-view is enabled by default. Therefore, database queries may be performed during view rendering. Explicitly configure spring.jpa.open-in-view to disable this warning
2026-06-01 00:13:05.789 [tid=]  INFO --- [main] o.s.s.c.a.a.c.InitializeUserDetailsBeanManagerConfigurer$InitializeUserDetailsManagerConfigurer : Global AuthenticationManager configured with UserDetailsService bean with name sysUserDetailsService
2026-06-01 00:13:05.873 [tid=]  INFO --- [main] i.g.j.o.f.config.security.SecurityConfig : 设置最大并发会话数为 1
2026-06-01 00:13:06.270 [tid=]  INFO --- [main] o.f.j.s.i.a.AbstractAsyncExecutor : Starting up the async job executor [org.flowable.spring.job.service.SpringAsyncExecutor] for engine bpmn
2026-06-01 00:13:06.274 [tid=]  INFO --- [Thread-3] o.f.j.s.i.a.ResetExpiredJobsRunnable : starting to reset expired jobs for engine bpmn
2026-06-01 00:13:06.277 [tid=]  INFO --- [Thread-1] o.f.j.s.i.a.AcquireAsyncJobsDueRunnable : starting to acquire async jobs due for engine bpmn
2026-06-01 00:13:06.277 [tid=]  INFO --- [Thread-2] o.f.j.s.i.a.AcquireTimerJobsRunnable : starting to acquire async jobs due for engine bpmn
2026-06-01 00:13:06.289 [tid=]  INFO --- [main] o.s.boot.tomcat.TomcatWebServer : Tomcat started on port 8082 (http) with context path '/process'
2026-06-01 00:13:06.289 [tid=]  INFO --- [main] o.s.s.quartz.SchedulerFactoryBean : Starting Quartz Scheduler now
2026-06-01 00:13:06.289 [tid=]  INFO --- [main] org.quartz.core.QuartzScheduler : Scheduler quartzScheduler_$_NON_CLUSTERED started.
2026-06-01 00:13:06.294 [tid=]  INFO --- [main] i.g.j.openadmin.ProcessBootApplication : Started ProcessBootApplication in 5.49 seconds (process running for 5.727)
2026-06-01 00:13:06.294 [tid=]  INFO --- [main] i.g.j.o.m.f.c.FlowableProcessInitializer : ===== FlowableProcessInitializer 开始执行 =====
2026-06-01 00:13:06.294 [tid=]  INFO --- [main] i.g.j.o.m.f.c.FlowableProcessInitializer : ===== 流程定义数量: 1 =====
2026-06-01 00:13:06.294 [tid=]  INFO --- [main] i.g.j.o.m.f.c.FlowableProcessInitializer : ===== 初始化流程模型: key=leave_request, name=请假流程 =====
2026-06-01 00:13:06.294 [tid=]  INFO --- [main] i.g.j.o.m.f.service.ProcessService : 初始化流程定义 leave_request 请假流程  
2026-06-01 00:13:06.299 [tid=]  INFO --- [main] i.g.j.o.m.f.c.FlowableProcessInitializer : 注册流程定义 leave_request io.github.jiangood.openadmin.modules.flowable.domain.ProcessMeta
2026-06-01 00:13:06.299 [tid=]  INFO --- [main] i.g.j.o.m.f.c.FlowableProcessInitializer : ===== FlowableProcessInitializer 执行完毕 =====
2026-06-01 00:13:06.299 [tid=]  INFO --- [main] i.g.j.o.f.config.SystemDataInitializer : 执行初始化程序： io.github.jiangood.openadmin.framework.config.SystemDataInitializer
2026-06-01 00:13:06.299 [tid=]  INFO --- [main] i.g.j.o.f.config.SystemDataInitializer : 字典数据已存在，跳过初始化
2026-06-01 00:13:06.383 [tid=]  INFO --- [main] i.g.j.o.f.config.SystemDataInitializer : -------------------------------------------
2026-06-01 00:13:06.383 [tid=]  INFO --- [main] i.g.j.o.f.config.SystemDataInitializer : 初始化管理员中....
2026-06-01 00:13:06.404 [tid=]  INFO --- [main] i.g.j.o.f.config.SystemDataInitializer : 管理员登录账号:admin
2026-06-01 00:13:06.404 [tid=]  INFO --- [main] i.g.j.o.f.config.SystemDataInitializer : -------------------------------------------
2026-06-01 00:13:06.404 [tid=]  INFO --- [main] i.g.j.o.f.config.SystemDataInitializer : 系统初始化耗时：105
2026-06-01 00:13:06.411 [tid=]  INFO --- [main] i.g.j.o.framework.config.SysBanner : ======================================================================
2026-06-01 00:13:06.411 [tid=]  INFO --- [main] i.g.j.o.framework.config.SysBanner : 系统数据目录 /data/
2026-06-01 00:13:06.411 [tid=]  INFO --- [main] i.g.j.o.framework.config.SysBanner : 如果使用容器部署，建议将该目录持久化。
2026-06-01 00:13:06.411 [tid=]  INFO --- [main] i.g.j.o.framework.config.SysBanner : ======================================================================
